[gaan.com.bd/index.html]
[backblue.gif]
[fade.gif]
[index.html]
[gaan.com.bd/css/bootstrap.css]
[gaan.com.bd/css/style.css]
[gaan.com.bd/css/animate.css]
[gaan.com.bd/js/wow.min.js]
[gaan.com.bd/index-2.html]
[gaan.com.bd/images/logo.png]
[gaan.com.bd/images/menu-icon.png]
[gaan.com.bd/js/responsive-nav.js]
[gaan.com.bd/images/a-1.png]
[gaan.com.bd/images/a-2.png]
[gaan.com.bd/js/jquery-1.11.0.min.js]
[gaan.com.bd/js/move-top.js]
[gaan.com.bd/js/easing.js]
[gaan.com.bd/index.html]
[gaan.com.bd/css/bootstrap.css]
[gaan.com.bd/images/banner.jpg]
[gaan.com.bd/images/get-1.png]
[gaan.com.bd/images/get-2.png]
[gaan.com.bd/images/talk-banner.jpg]
[gaan.com.bd/images/footer.png]
[gaan.com.bd/images/up-arrow.png]
[gaan.com.bd/css/style.css]
[gaan.com.bd/css/animate.css]
[gaan.com.bd/index-2.html]
[gaan.com.bd/fonts/glyphicons-halflings-regular.html]
[gaan.com.bd/fonts/glyphicons-halflings-regulard41d.html]
[gaan.com.bd/fonts/glyphicons-halflings-regular-2.html]
[gaan.com.bd/fonts/glyphicons-halflings-regular-3.html]
[gaan.com.bd/fonts/glyphicons-halflings-regular-4.html]
[gaan.com.bd/images/pagenate.html]
[gaan.com.bd/images/img-sprite.html]
